node.exe : npm warn 
Unknown cli config 
"--run". This will 
stop working in the 
next major version of 
npm.
At C:\Program Files\nod
ejs\npm.ps1:29 char:3
+   & $NODE_EXE 
$NPM_CLI_JS $args
+   ~~~~~~~~~~~~~~~~~~~
~~~~~~~~~~
    + CategoryInfo     
         : NotSpecifi  
  ed: (npm warn Unkn   
 ow...version of np    
m.:String) [], Rem    
oteException
    + FullyQualifiedEr 
   rorId : NativeComm  
  andError
 
npm warn Unknown cli 
config "--reporter". 
This will stop working 
in the next major 
version of npm.

> soma-smart@0.0.0 test
> vitest run src/__tests__/spacedRepetition.test.ts


[1m[46m RUN [49m[22m [36mv4.0.18 [39m[90mD:/software/soma 17.1/somaai/Soma-smart[39m

 [31mΓ¥»[39m src/__tests__/spacedRepetition.test.ts [2m([22m[2m9 tests[22m[2m | [22m[31m1 failed[39m[2m)[22m[32m 12[2mms[22m[39m
       [32mΓ£ô[39m should initialize mastery for a new topic[32m 1[2mms[22m[39m
       [32mΓ£ô[39m should blend new score with existing mastery[32m 0[2mms[22m[39m
       [32mΓ£ô[39m should not affect other topics[32m 0[2mms[22m[39m
       [32mΓ£ô[39m should return topics with mastery below 50%[32m 1[2mms[22m[39m
       [32mΓ£ô[39m should return empty array when all topics are strong[32m 1[2mms[22m[39m
       [32mΓ£ô[39m should return topics with mastery >= 70%[32m 0[2mms[22m[39m
       [32mΓ£ô[39m should return context when no mastery data exists[32m 0[2mms[22m[39m
       [32mΓ£ô[39m should include mastery level when data exists[32m 0[2mms[22m[39m
[31m       [31m├ù[31m should highlight weak topic hurdles[39m[32m 6[2mms[22m[39m

[31mΓÄ»ΓÄ»ΓÄ»ΓÄ»ΓÄ»ΓÄ»
ΓÄ»[39m[1m[41m 
Failed Tests 1 [49m[2
2m[31mΓÄ»ΓÄ»ΓÄ»ΓÄ»ΓÄ»Γ
Ä»ΓÄ»[39m

[41m[1m FAIL 
[22m[49m src/__tests_
_/spacedRepetition.test
.ts[2m > [22mspacedRe
petitionService[2m > 
[22mbuildScaffoldingCon
text[2m > [22mshould 
highlight weak topic 
hurdles
[31m[1mAssertionError
[22m: expected 
'\nADAPTIVE CONTEXT: 
This is the studeΓÇª' 
to contain 
'Algebra'[39m

[32m- Expected[39m
[31m+ Received[39m

[32m- Algebra[39m
[31m+[39m
[31m+ ADAPTIVE 
CONTEXT: This is the 
student's FIRST 
encounter with 
"Math".[39m
[31m+ - No prior 
mastery data 
available.[39m
[31m+ - Start with 
clear foundations and 
definitions.[39m
[31m+ - Use simple 
analogies and 
real-life Kenyan 
examples.[39m
[31m+     [39m

[36m [2mΓ¥»[22m src/
__tests__/spacedRepetit
ion.test.ts:[2m67:28[
22m[39m
    [90m 65| [39m    
    [34mit[39m([32m'
should highlight weak 
topic hurdles'[39m[33
m,[39m () 
[33m=>[39m {
    [90m 66| [39m    
        const result = 
buildScaffoldingContext
('Math', {}, ['AlgebΓÇª
    [90m 67| [39m    
        [34mexpect[39
m(result)[33m.[39m[3
4mtoContain[39m([32m'
Algebra'[39m)[33m;[3
9m
    [90m   | [39m    
                       
[31m^[39m
    [90m 68| [39m    
        [34mexpect[39
m(result)[33m.[39m[3
4mtoContain[39m([32m'
Fractions'[39m)[33m;
[39m
    [90m 69| [39m    
    })[33m;[39m

[31m[2mΓÄ»ΓÄ»ΓÄ»ΓÄ»ΓÄ
»ΓÄ»ΓÄ»ΓÄ»ΓÄ»ΓÄ»ΓÄ»ΓÄ»Γ
Ä»ΓÄ»ΓÄ»ΓÄ»ΓÄ»ΓÄ»ΓÄ»ΓÄ»
ΓÄ»ΓÄ»ΓÄ»ΓÄ»[1/1]ΓÄ»[2
2m[39m


[2m Test Files [22m [1m[31m1 failed[39m[22m[90m (1)[39m
[2m      Tests [22m [1m[31m1 failed[39m[22m[2m | [22m[1m[32m8 passed[39m[22m[90m (9)[39m
[2m   Start at [22m 03:20:01
[2m   Duration [22m 1.13s[2m (transform 55ms, setup 104ms, import 42ms, tests 12ms, environment 787ms)[22m

